src/core/layers/regex-search.test.ts(3,24): error TS2307: Cannot find module './search' or its corresponding type declarations.
src/core/layers/regex-search.test.ts(4,35): error TS2307: Cannot find module '../errors' or its corresponding type declarations.
src/core/layers/regex-search.test.ts(5,56): error TS2307: Cannot find module '../types' or its corresponding type declarations.
src/core/layers/regex-search.test.ts(160,34): error TS7006: Parameter 'r' implicitly has an 'any' type.
src/core/layers/regex-search.test.ts(233,34): error TS7006: Parameter 'r' implicitly has an 'any' type.
src/core/layers/regex-search.ts(1,31): error TS2307: Cannot find module '../utils/regex-validation' or its corresponding type declarations.
src/core/layers/regex-search.ts(2,33): error TS2307: Cannot find module '../utils/normalization' or its corresponding type declarations.
src/core/layers/regex-search.ts(3,46): error TS2307: Cannot find module '../types' or its corresponding type declarations.
src/core/layers/semantic-search.test.ts(2,24): error TS2307: Cannot find module './search' or its corresponding type declarations.
src/core/layers/semantic-search.test.ts(3,56): error TS2307: Cannot find module '../types' or its corresponding type declarations.
src/core/layers/semantic-search.test.ts(51,38): error TS7006: Parameter 'r' implicitly has an 'any' type.
src/core/layers/semantic-search.ts(5,26): error TS2307: Cannot find module '../data/semantic.json' or its corresponding type declarations.
src/core/layers/semantic-search.ts(6,33): error TS2307: Cannot find module '../utils/normalization' or its corresponding type declarations.
src/core/search.test.ts(2,10): error TS2459: Module '"./search"' declares 'simpleSearch' locally, but it is not exported.
src/core/search.test.ts(2,32): error TS2459: Module '"./search"' declares 'createArabicFuseSearch' locally, but it is not exported.
src/core/search.test.ts(3,26): error TS2307: Cannot find module './lru-cache' or its corresponding type declarations.
src/core/search.test.ts(119,31): error TS7006: Parameter 'r' implicitly has an 'any' type.
src/core/search.test.ts(150,29): error TS7006: Parameter 'r' implicitly has an 'any' type.
src/core/search.test.ts(150,76): error TS7006: Parameter 'r' implicitly has an 'any' type.
src/core/search.test.ts(157,33): error TS7006: Parameter 'r' implicitly has an 'any' type.
src/core/search.test.ts(194,29): error TS7006: Parameter 'r' implicitly has an 'any' type.
src/core/search.test.ts(194,74): error TS7006: Parameter 'r' implicitly has an 'any' type.
src/core/search.ts(12,10): error TS2305: Module '"./layers/semantic-search"' has no exported member 'performSemanticSearch'.
src/data/metadata.test.ts(16,9): error TS2769: No overload matches this call.
  Overload 1 of 2, '(predicate: (value: unknown, index: number, array: unknown[]) => value is unknown, thisArg?: any): unknown[]', gave the following error.
    Argument of type '(aya: VerseInput) => boolean' is not assignable to parameter of type '(value: unknown, index: number, array: unknown[]) => value is unknown'.
      Types of parameters 'aya' and 'value' are incompatible.
        Type 'unknown' is not assignable to type 'VerseInput'.
  Overload 2 of 2, '(predicate: (value: unknown, index: number, array: unknown[]) => unknown, thisArg?: any): unknown[]', gave the following error.
    Argument of type '(aya: VerseInput) => boolean' is not assignable to parameter of type '(value: unknown, index: number, array: unknown[]) => unknown'.
      Types of parameters 'aya' and 'value' are incompatible.
        Type 'unknown' is not assignable to type 'VerseInput'.
